// Jest Snapshot v1, https://goo.gl/fbAQLP

exports[`Footer.vue renders props when passed 1`] = `
<v-footer-stub
  height="auto"
  tag="div"
  tile="true"
>
  <v-layout-stub
    class="side-left-margin"
    justify-center=""
    row=""
    tag="div"
    wrap=""
  >
    <v-flex-stub
      dark=""
      tag="div"
      text-xs-center=""
      white--text=""
      xs12=""
    >
      <v-row-stub
        justify="left"
        nogutters="true"
        tag="div"
      >
        <a
          class="footer-link"
          href="/"
        >
          Home
        </a>
         
        <a
          class="footer-link"
          href="https://www2.gov.bc.ca/gov/content/home/disclaimer"
          target="_ss"
        >
          Disclaimer
        </a>
         
        <a
          class="footer-link"
          href="https://www2.gov.bc.ca/gov/content/home/privacy"
          target="_ss"
        >
          Privacy
        </a>
         
        <a
          class="footer-link"
          href="https://www2.gov.bc.ca/gov/content/home/accessibility"
          target="_ss"
        >
          Accessibility
        </a>
         
        <a
          class="footer-link"
          href="https://www2.gov.bc.ca/gov/content/home/copyright"
          target="_ss"
        >
          Copyright
        </a>
         
        <a
          class="footer-link"
          href="/contact-us"
        >
          Contact Us
        </a>
      </v-row-stub>
    </v-flex-stub>
  </v-layout-stub>
</v-footer-stub>
`;
