// Jest Snapshot v1, https://goo.gl/fbAQLP

exports[`ProjectContainer.vue renders props when passed 1`] = `
<v-card-stub
  class="mx-auto"
  loaderheight="4"
  style="max-width: 80%;"
  tag="div"
>
  <v-toolbar-stub
    class="bc-subtitle"
    dark="true"
    extensionheight="48"
    flat="true"
    src=""
    tag="header"
    tile="true"
  >
    <v-toolbar-title-stub>
      
    </v-toolbar-title-stub>
     
    <div
      class="flex-grow-1"
    />
     
    <div
      class="flex-grow-1"
    />
  </v-toolbar-stub>
   
  <v-divider-stub />
   
  <v-container-stub
    tag="div"
  >
    <v-row-stub
      class="ma-5"
      tag="div"
    >
      <v-col-stub
        tag="div"
      >
        <v-tabs-stub
          activeclass=""
          mobilebreakpoint="1264"
          nexticon="$next"
          previcon="$prev"
          slidercolor="d-none"
          slidersize="2"
        >
          <v-tab-stub
            class="font-weight-bold"
            ripple="true"
          >
            
          </v-tab-stub>
           
          <v-tab-stub
            class="font-weight-bold"
            ripple="true"
          >
            
          </v-tab-stub>
           
          <v-tab-stub
            class="font-weight-bold"
            ripple="true"
          >
            
          </v-tab-stub>
           
          <v-tab-stub
            class="font-weight-bold"
            ripple="true"
          >
            
          </v-tab-stub>
           
          <v-tab-item-stub
            class="custom-tabs-items"
          >
            <v-card-stub
              flat="true"
              loaderheight="4"
              tag="div"
            >
              <v-card-text-stub>
                <projectsummary-stub
                  id="0"
                />
              </v-card-text-stub>
            </v-card-stub>
          </v-tab-item-stub>
           
          <v-tab-item-stub
            class="custom-tabs-items"
          >
            <v-card-stub
              flat="true"
              loaderheight="4"
              tag="div"
            >
              <v-card-text-stub>
                content
              </v-card-text-stub>
            </v-card-stub>
          </v-tab-item-stub>
           
          <v-tab-item-stub
            class="custom-tabs-items"
          >
            <v-card-stub
              flat="true"
              loaderheight="4"
              tag="div"
            >
              <v-card-text-stub>
                <p>
                  content
                </p>
              </v-card-text-stub>
            </v-card-stub>
          </v-tab-item-stub>
        </v-tabs-stub>
      </v-col-stub>
    </v-row-stub>
  </v-container-stub>
</v-card-stub>
`;
