// Jest Snapshot v1, https://goo.gl/fbAQLP

exports[`ProjectHistory.vue renders props when passed 1`] = `
<v-card-stub
  class="mx-auto"
  loaderheight="4"
  tag="div"
>
  <v-container-stub
    tag="div"
  >
    <v-row-stub
      class="ma-2"
      tag="div"
    >
      <loading-stub />
    </v-row-stub>
  </v-container-stub>
</v-card-stub>
`;
