// Jest Snapshot v1, https://goo.gl/fbAQLP

exports[`TestAccount.vue renders props when passed with gettors 1`] = `
<v-card-stub
  class="mx-auto outer-card"
  loaderheight="4"
  tag="div"
>
  <v-toolbar-stub
    class="bc-subtitle padding-0"
    dark="true"
    extensionheight="48"
    flat="true"
    src=""
    tag="header"
    tile="true"
  >
    <v-toolbar-title-stub>
      
    </v-toolbar-title-stub>
     
    <div
      class="flex-grow-1"
    />
  </v-toolbar-stub>
   
  <v-divider-stub />
   
  <v-container-stub
    tag="div"
  >
    <v-row-stub
      class="mx-5"
      tag="div"
    >
      <!---->
       
      <v-col-stub
        cols="12"
        tag="div"
      >
        <div
          class="remaining-acc"
        >
          <remaingaccounts-stub />
        </div>
         
        <v-tabs-stub
          activeclass=""
          mobilebreakpoint="1264"
          nexticon="$next"
          previcon="$prev"
          slidercolor="d-none"
          slidersize="2"
          value="0"
        >
          <v-tab-stub
            class="font-weight-bold"
            ripple="true"
          >
            
            
          
          </v-tab-stub>
           
          <v-tab-item-stub
            class="custom-tabs-items"
          >
            <v-card-stub
              flat="true"
              loaderheight="4"
              tag="div"
            >
              <v-card-text-stub>
                <addtestaccount-stub
                  id="0"
                />
              </v-card-text-stub>
            </v-card-stub>
          </v-tab-item-stub>
        </v-tabs-stub>
      </v-col-stub>
    </v-row-stub>
  </v-container-stub>
</v-card-stub>
`;
