// Jest Snapshot v1, https://goo.gl/fbAQLP

exports[`AddProjectInfo.vue renders edit props when passed 1`] = `
<v-card-stub
  class="mx-auto outer-card"
  loaderheight="4"
  tag="div"
>
  <v-card-stub
    class="mx-auto"
    loaderheight="4"
    tag="div"
  >
    <v-app-bar-stub
      class="bc-subtitle"
      dark="true"
      extensionheight="48"
      src=""
      tag="header"
      tile="true"
      value="true"
    >
      <v-btn-stub
        activeclass=""
        aria-label="Back Button"
        icon="true"
        tag="button"
        type="button"
      >
        <v-icon-stub>
          mdi-arrow-left
        </v-icon-stub>
      </v-btn-stub>
       
      <v-toolbar-title-stub>
        
        
      
      </v-toolbar-title-stub>
       
      <v-spacer-stub />
    </v-app-bar-stub>
     
    <v-form-stub>
      <v-container-stub
        tag="div"
      >
        <v-row-stub
          dense="true"
          tag="div"
        >
          <v-col-stub
            cols="12"
            md="12"
            tag="div"
          >
            <v-card-stub
              class="pa-8 pt-6 ma-3"
              loaderheight="4"
              tag="div"
            >
              <v-card-subtitle-stub
                class="text-left bc-padding-left-0 page-info"
              />
               
              <input-stub
                data-test-id="input-org-name"
                helptext=""
                label=""
                outlined="true"
                rules="v => !!v || 'This field is required',v => (v || '').length >= len || 'Invalid character length, required ' + len,v => (v || '').length <= len || 'Invalid character length, max length ' + len"
                type="text"
                value=""
              />
               
              <input-stub
                data-test-id="input-project-name"
                helptext=""
                label=""
                outlined="true"
                rules="v => !!v || 'This field is required',v => (v || '').length >= len || 'Invalid character length, required ' + len,v => (v || '').length <= len || 'Invalid character length, max length ' + len"
                type="text"
                value=""
              />
               
              <textarea-stub
                counter=""
                data-test-id="text-project-description"
                helptext=""
                label=""
                outlined=""
                rules="v => !!v || 'This field is required'"
                type="text"
                value=""
              />
            </v-card-stub>
          </v-col-stub>
           
          <v-col-stub
            cols="12"
            tag="div"
          >
            <v-card-stub
              flat="true"
              loaderheight="4"
              tag="div"
            >
              <v-divider-stub />
               
              <v-card-actions-stub>
                <v-spacer-stub />
                 
                <!---->
                 
                <button-stub
                  class="white--text submit-project"
                  color=""
                  data-test-id="btn-submit-project-info"
                  depressed=""
                  disabled="true"
                  name="button"
                  type="button"
                >
                  
                  
                
                </button-stub>
              </v-card-actions-stub>
            </v-card-stub>
          </v-col-stub>
        </v-row-stub>
      </v-container-stub>
    </v-form-stub>
  </v-card-stub>
</v-card-stub>
`;

exports[`AddProjectInfo.vue renders props when passed 1`] = `
<v-card-stub
  class="mx-auto outer-card"
  loaderheight="4"
  tag="div"
>
  <v-card-stub
    class="mx-auto"
    loaderheight="4"
    tag="div"
  >
    <v-app-bar-stub
      class="bc-subtitle"
      dark="true"
      extensionheight="48"
      src=""
      tag="header"
      tile="true"
      value="true"
    >
      <v-btn-stub
        activeclass=""
        aria-label="Back Button"
        icon="true"
        tag="button"
        type="button"
      >
        <v-icon-stub>
          mdi-arrow-left
        </v-icon-stub>
      </v-btn-stub>
       
      <v-toolbar-title-stub>
        
        
      
      </v-toolbar-title-stub>
       
      <v-spacer-stub />
    </v-app-bar-stub>
     
    <v-form-stub>
      <v-container-stub
        tag="div"
      >
        <v-row-stub
          dense="true"
          tag="div"
        >
          <v-col-stub
            cols="12"
            md="12"
            tag="div"
          >
            <v-card-stub
              class="pa-8 pt-6 ma-3"
              loaderheight="4"
              tag="div"
            >
              <v-card-subtitle-stub
                class="text-left bc-padding-left-0 page-info"
              />
               
              <input-stub
                data-test-id="input-org-name"
                helptext=""
                label=""
                outlined="true"
                rules="v => !!v || 'This field is required',v => (v || '').length >= len || 'Invalid character length, required ' + len,v => (v || '').length <= len || 'Invalid character length, max length ' + len"
                type="text"
                value=""
              />
               
              <input-stub
                data-test-id="input-project-name"
                helptext=""
                label=""
                outlined="true"
                rules="v => !!v || 'This field is required',v => (v || '').length >= len || 'Invalid character length, required ' + len,v => (v || '').length <= len || 'Invalid character length, max length ' + len"
                type="text"
                value=""
              />
               
              <textarea-stub
                counter=""
                data-test-id="text-project-description"
                helptext=""
                label=""
                outlined=""
                rules="v => !!v || 'This field is required'"
                type="text"
                value=""
              />
            </v-card-stub>
          </v-col-stub>
           
          <v-col-stub
            cols="12"
            tag="div"
          >
            <v-card-stub
              flat="true"
              loaderheight="4"
              tag="div"
            >
              <v-divider-stub />
               
              <v-card-actions-stub>
                <v-spacer-stub />
                 
                <!---->
                 
                <button-stub
                  class="white--text submit-project"
                  color=""
                  data-test-id="btn-submit-project-info"
                  depressed=""
                  disabled="true"
                  name="button"
                  type="button"
                >
                  
                  
                
                </button-stub>
              </v-card-actions-stub>
            </v-card-stub>
          </v-col-stub>
        </v-row-stub>
      </v-container-stub>
    </v-form-stub>
  </v-card-stub>
</v-card-stub>
`;
