// Jest Snapshot v1, https://goo.gl/fbAQLP

exports[`TeamSummary.vue render data 1`] = `
<div
  class="mt-5 v-card v-sheet theme--light red-border"
>
  <header
    class="bc-subtitle-2 v-sheet v-sheet--tile theme--dark v-toolbar v-toolbar--dense"
    style="height: 48px;"
  >
    <div
      class="v-toolbar__content"
      style="height: 48px;"
    >
      <div
        class="v-card__title"
      >
        
      
      
        <div
          class="spacer"
        />
         
        <i
          class="v-icon notranslate ml-3 v-icon--link mdi mdi-pencil theme--dark"
          role="button"
          style="font-size: 16px;"
          tabindex="0"
        />
      </div>
    </div>
  </header>
   
  <div
    class="v-list px-5 v-sheet v-sheet--tile theme--light v-list--dense"
    role="list"
  />
</div>
`;

exports[`TeamSummary.vue renders props when passed 1`] = `
<v-card-stub
  class="mt-5 red-border"
  loaderheight="4"
  tag="div"
>
  <v-toolbar-stub
    class="bc-subtitle-2"
    dark="true"
    dense="true"
    extensionheight="48"
    src=""
    tag="header"
    tile="true"
  >
    <v-card-title-stub>
      
      
      
      <v-spacer-stub />
       
      <v-icon-stub
        class="ml-3"
        small=""
      >
        mdi-pencil
      </v-icon-stub>
    </v-card-title-stub>
  </v-toolbar-stub>
   
  <v-list-stub
    class="px-5"
    dense="true"
    tag="div"
    tile="true"
  />
</v-card-stub>
`;

exports[`TeamSummary.vue renders props when passed with gettors 1`] = `
<div
  class="mt-5 v-card v-sheet theme--light red-border"
>
  <header
    class="bc-subtitle-2 v-sheet v-sheet--tile theme--dark v-toolbar v-toolbar--dense"
    style="height: 48px;"
  >
    <div
      class="v-toolbar__content"
      style="height: 48px;"
    >
      <div
        class="v-card__title"
      >
        
      
      
        <div
          class="spacer"
        />
         
        <i
          class="v-icon notranslate ml-3 v-icon--link mdi mdi-pencil theme--dark"
          role="button"
          style="font-size: 16px;"
          tabindex="0"
        />
      </div>
    </div>
  </header>
   
  <div
    class="v-list px-5 v-sheet v-sheet--tile theme--light v-list--dense"
    role="list"
  />
</div>
`;
