// Jest Snapshot v1, https://goo.gl/fbAQLP

exports[`TestAccountRequest.vue renders props when passed 1`] = `
<div
  class="mx-auto outer-card v-card v-sheet theme--light"
>
  <header
    class="bc-subtitle padding-0 v-sheet v-sheet--tile theme--dark v-toolbar v-toolbar--flat"
    style="height: 64px;"
  >
    <div
      class="v-toolbar__content"
      style="height: 64px;"
    >
      <button
        class="v-btn v-btn--flat v-btn--icon v-btn--round theme--dark v-size--default"
        type="button"
      >
        <span
          class="v-btn__content"
        >
          <i
            aria-hidden="true"
            class="v-icon notranslate mdi mdi-arrow-left theme--dark"
          />
        </span>
      </button>
       
      <div
        class="v-toolbar__title"
      >
        
      </div>
       
      <div
        class="flex-grow-1"
      />
       
      <div
        class="col-lg-4 col-md-5 col-8 col"
      >
        <!---->
      </div>
       
      <div
        class="flex-grow-1"
      />
    </div>
  </header>
   
  <hr
    aria-orientation="horizontal"
    class="v-divider theme--light"
    role="separator"
  />
   
  <div
    class="v-item-group theme--light"
  >
    <div
      class="container"
    >
      <div
        class="row mx-4"
      >
        <div
          class="col col-12"
          flat=""
        >
          <div
            class="v-card v-card--flat v-sheet theme--light"
          >
            <div
              class="v-list-item__content"
            />
          </div>
        </div>
         
        <div
          class="col col-12"
          flat=""
        >
          <div
            class="v-card v-card--flat v-sheet theme--light"
          >
            <div
              class="v-list-item__content"
            >
              
              
            
            </div>
          </div>
        </div>
         
        <div
          class="card-width col"
        >
          <div
            class="d-flex align-center pa-4 test-account test-account v-card v-card--link v-sheet theme--light active-bg"
            tabindex="0"
          >
            <div
              class="v-list-item theme--light"
              tabindex="-1"
            >
              <div
                class="v-list-item__content text-center"
              >
                <div
                  class="v-list-item__title headline"
                >
                  
                    1
                  
                </div>
                 
                <div
                  class="v-list-item__subtitle"
                />
              </div>
            </div>
             
            <div
              class="spacer"
            />
          </div>
        </div>
        <div
          class="card-width col"
        >
          <div
            class="d-flex align-center pa-4 test-account test-account v-card v-card--link v-sheet theme--light"
            tabindex="0"
          >
            <div
              class="v-list-item theme--light"
              tabindex="-1"
            >
              <div
                class="v-list-item__content text-center"
              >
                <div
                  class="v-list-item__title headline"
                >
                  
                    2
                  
                </div>
                 
                <div
                  class="v-list-item__subtitle"
                />
              </div>
            </div>
             
            <div
              class="spacer"
            />
          </div>
        </div>
        <div
          class="card-width col"
        >
          <div
            class="d-flex align-center pa-4 test-account test-account v-card v-card--link v-sheet theme--light"
            tabindex="0"
          >
            <div
              class="v-list-item theme--light"
              tabindex="-1"
            >
              <div
                class="v-list-item__content text-center"
              >
                <div
                  class="v-list-item__title headline"
                >
                  
                    3
                  
                </div>
                 
                <div
                  class="v-list-item__subtitle"
                />
              </div>
            </div>
             
            <div
              class="spacer"
            />
          </div>
        </div>
        <div
          class="card-width col"
        >
          <div
            class="d-flex align-center pa-4 test-account test-account v-card v-card--link v-sheet theme--light"
            tabindex="0"
          >
            <div
              class="v-list-item theme--light"
              tabindex="-1"
            >
              <div
                class="v-list-item__content text-center"
              >
                <div
                  class="v-list-item__title headline"
                >
                  
                    5
                  
                </div>
                 
                <div
                  class="v-list-item__subtitle"
                />
              </div>
            </div>
             
            <div
              class="spacer"
            />
          </div>
        </div>
         
        <div
          class="col col-12"
          flat=""
        >
          <div
            class="v-card v-card--flat v-sheet theme--light"
          >
            <div
              class="v-list-item__content"
            >
              
              
            
            </div>
             
            <div
              class="v-list-item__content subtitle-1"
            />
          </div>
        </div>
      </div>
    </div>
  </div>
   
  <div
    class="col col-12"
  >
    <div
      class="v-card v-card--flat v-sheet theme--light"
    >
      <hr
        aria-orientation="horizontal"
        class="v-divider theme--light"
        role="separator"
      />
       
      <div
        class="v-card__actions mx-4"
      >
        <div
          class="spacer"
        />
         
        <button
          class="btn v-btn v-btn--contained theme--light v-size--default secondary-btn normal"
          name="button"
          type="button"
        >
          <span
            class="v-btn__content"
          >
            
          
        
          </span>
        </button>
         
        <button
          class="btn white--text submit-account ml-6 v-btn v-btn--depressed theme--light v-size--default primary normal"
          depressed=""
          name="button"
          type="button"
        >
          <span
            class="v-btn__content"
          >
            
          
        
          </span>
        </button>
      </div>
    </div>
  </div>
</div>
`;

exports[`TestAccountRequest.vue select on package on click  1`] = `
<div
  class="mx-auto outer-card v-card v-sheet theme--light"
>
  <header
    class="bc-subtitle padding-0 v-sheet v-sheet--tile theme--dark v-toolbar v-toolbar--flat"
    style="height: 64px;"
  >
    <div
      class="v-toolbar__content"
      style="height: 64px;"
    >
      <button
        class="v-btn v-btn--flat v-btn--icon v-btn--round theme--dark v-size--default"
        type="button"
      >
        <span
          class="v-btn__content"
        >
          <i
            aria-hidden="true"
            class="v-icon notranslate mdi mdi-arrow-left theme--dark"
          />
        </span>
      </button>
       
      <div
        class="v-toolbar__title"
      >
        
      </div>
       
      <div
        class="flex-grow-1"
      />
       
      <div
        class="col-lg-4 col-md-5 col-8 col"
      >
        <!---->
      </div>
       
      <div
        class="flex-grow-1"
      />
    </div>
  </header>
   
  <hr
    aria-orientation="horizontal"
    class="v-divider theme--light"
    role="separator"
  />
   
  <div
    class="v-item-group theme--light"
  >
    <div
      class="container"
    >
      <div
        class="row mx-4"
      >
        <div
          class="col col-12"
          flat=""
        >
          <div
            class="v-card v-card--flat v-sheet theme--light"
          >
            <div
              class="v-list-item__content"
            />
          </div>
        </div>
         
        <div
          class="col col-12"
          flat=""
        >
          <div
            class="v-card v-card--flat v-sheet theme--light"
          >
            <div
              class="v-list-item__content"
            >
              
              
            
            </div>
          </div>
        </div>
         
        <div
          class="card-width col"
        >
          <div
            class="d-flex align-center pa-4 test-account test-account v-card v-card--link v-sheet theme--light active-bg"
            tabindex="0"
          >
            <div
              class="v-list-item theme--light"
              tabindex="-1"
            >
              <div
                class="v-list-item__content text-center"
              >
                <div
                  class="v-list-item__title headline"
                >
                  
                    1
                  
                </div>
                 
                <div
                  class="v-list-item__subtitle"
                />
              </div>
            </div>
             
            <div
              class="spacer"
            />
          </div>
        </div>
        <div
          class="card-width col"
        >
          <div
            class="d-flex align-center pa-4 test-account test-account v-card v-card--link v-sheet theme--light"
            tabindex="0"
          >
            <div
              class="v-list-item theme--light"
              tabindex="-1"
            >
              <div
                class="v-list-item__content text-center"
              >
                <div
                  class="v-list-item__title headline"
                >
                  
                    2
                  
                </div>
                 
                <div
                  class="v-list-item__subtitle"
                />
              </div>
            </div>
             
            <div
              class="spacer"
            />
          </div>
        </div>
        <div
          class="card-width col"
        >
          <div
            class="d-flex align-center pa-4 test-account test-account v-card v-card--link v-sheet theme--light"
            tabindex="0"
          >
            <div
              class="v-list-item theme--light"
              tabindex="-1"
            >
              <div
                class="v-list-item__content text-center"
              >
                <div
                  class="v-list-item__title headline"
                >
                  
                    3
                  
                </div>
                 
                <div
                  class="v-list-item__subtitle"
                />
              </div>
            </div>
             
            <div
              class="spacer"
            />
          </div>
        </div>
        <div
          class="card-width col"
        >
          <div
            class="d-flex align-center pa-4 test-account test-account v-card v-card--link v-sheet theme--light"
            tabindex="0"
          >
            <div
              class="v-list-item theme--light"
              tabindex="-1"
            >
              <div
                class="v-list-item__content text-center"
              >
                <div
                  class="v-list-item__title headline"
                >
                  
                    5
                  
                </div>
                 
                <div
                  class="v-list-item__subtitle"
                />
              </div>
            </div>
             
            <div
              class="spacer"
            />
          </div>
        </div>
         
        <div
          class="col col-12"
          flat=""
        >
          <div
            class="v-card v-card--flat v-sheet theme--light"
          >
            <div
              class="v-list-item__content"
            >
              
              
            
            </div>
             
            <div
              class="v-list-item__content subtitle-1"
            />
          </div>
        </div>
      </div>
    </div>
  </div>
   
  <div
    class="col col-12"
  >
    <div
      class="v-card v-card--flat v-sheet theme--light"
    >
      <hr
        aria-orientation="horizontal"
        class="v-divider theme--light"
        role="separator"
      />
       
      <div
        class="v-card__actions mx-4"
      >
        <div
          class="spacer"
        />
         
        <button
          class="btn v-btn v-btn--contained theme--light v-size--default secondary-btn normal"
          name="button"
          type="button"
        >
          <span
            class="v-btn__content"
          >
            
          
        
          </span>
        </button>
         
        <button
          class="btn white--text submit-account ml-6 v-btn v-btn--depressed theme--light v-size--default primary normal"
          depressed=""
          name="button"
          type="button"
        >
          <span
            class="v-btn__content"
          >
            
          
        
          </span>
        </button>
      </div>
    </div>
  </div>
</div>
`;

exports[`TestAccountRequest.vue submit form with selected package on submit click  1`] = `
<div
  class="mx-auto outer-card v-card v-sheet theme--light"
>
  <header
    class="bc-subtitle padding-0 v-sheet v-sheet--tile theme--dark v-toolbar v-toolbar--flat"
    style="height: 64px;"
  >
    <div
      class="v-toolbar__content"
      style="height: 64px;"
    >
      <button
        class="v-btn v-btn--flat v-btn--icon v-btn--round theme--dark v-size--default"
        type="button"
      >
        <span
          class="v-btn__content"
        >
          <i
            aria-hidden="true"
            class="v-icon notranslate mdi mdi-arrow-left theme--dark"
          />
        </span>
      </button>
       
      <div
        class="v-toolbar__title"
      >
        
      </div>
       
      <div
        class="flex-grow-1"
      />
       
      <div
        class="col-lg-4 col-md-5 col-8 col"
      >
        <!---->
      </div>
       
      <div
        class="flex-grow-1"
      />
    </div>
  </header>
   
  <hr
    aria-orientation="horizontal"
    class="v-divider theme--light"
    role="separator"
  />
   
  <div
    class="v-item-group theme--light"
  >
    <div
      class="container"
    >
      <div
        class="row mx-4"
      >
        <div
          class="col col-12"
          flat=""
        >
          <div
            class="v-card v-card--flat v-sheet theme--light"
          >
            <div
              class="v-list-item__content"
            />
          </div>
        </div>
         
        <div
          class="col col-12"
          flat=""
        >
          <div
            class="v-card v-card--flat v-sheet theme--light"
          >
            <div
              class="v-list-item__content"
            >
              
              
            
            </div>
          </div>
        </div>
         
        <div
          class="card-width col"
        >
          <div
            class="d-flex align-center pa-4 test-account test-account v-card v-card--link v-sheet theme--light active-bg"
            tabindex="0"
          >
            <div
              class="v-list-item theme--light"
              tabindex="-1"
            >
              <div
                class="v-list-item__content text-center"
              >
                <div
                  class="v-list-item__title headline"
                >
                  
                    1
                  
                </div>
                 
                <div
                  class="v-list-item__subtitle"
                />
              </div>
            </div>
             
            <div
              class="spacer"
            />
          </div>
        </div>
        <div
          class="card-width col"
        >
          <div
            class="d-flex align-center pa-4 test-account test-account v-card v-card--link v-sheet theme--light"
            tabindex="0"
          >
            <div
              class="v-list-item theme--light"
              tabindex="-1"
            >
              <div
                class="v-list-item__content text-center"
              >
                <div
                  class="v-list-item__title headline"
                >
                  
                    2
                  
                </div>
                 
                <div
                  class="v-list-item__subtitle"
                />
              </div>
            </div>
             
            <div
              class="spacer"
            />
          </div>
        </div>
        <div
          class="card-width col"
        >
          <div
            class="d-flex align-center pa-4 test-account test-account v-card v-card--link v-sheet theme--light"
            tabindex="0"
          >
            <div
              class="v-list-item theme--light"
              tabindex="-1"
            >
              <div
                class="v-list-item__content text-center"
              >
                <div
                  class="v-list-item__title headline"
                >
                  
                    3
                  
                </div>
                 
                <div
                  class="v-list-item__subtitle"
                />
              </div>
            </div>
             
            <div
              class="spacer"
            />
          </div>
        </div>
        <div
          class="card-width col"
        >
          <div
            class="d-flex align-center pa-4 test-account test-account v-card v-card--link v-sheet theme--light"
            tabindex="0"
          >
            <div
              class="v-list-item theme--light"
              tabindex="-1"
            >
              <div
                class="v-list-item__content text-center"
              >
                <div
                  class="v-list-item__title headline"
                >
                  
                    5
                  
                </div>
                 
                <div
                  class="v-list-item__subtitle"
                />
              </div>
            </div>
             
            <div
              class="spacer"
            />
          </div>
        </div>
         
        <div
          class="col col-12"
          flat=""
        >
          <div
            class="v-card v-card--flat v-sheet theme--light"
          >
            <div
              class="v-list-item__content"
            >
              
              
            
            </div>
             
            <div
              class="v-list-item__content subtitle-1"
            />
          </div>
        </div>
      </div>
    </div>
  </div>
   
  <div
    class="col col-12"
  >
    <div
      class="v-card v-card--flat v-sheet theme--light"
    >
      <hr
        aria-orientation="horizontal"
        class="v-divider theme--light"
        role="separator"
      />
       
      <div
        class="v-card__actions mx-4"
      >
        <div
          class="spacer"
        />
         
        <button
          class="btn v-btn v-btn--contained theme--light v-size--default secondary-btn normal"
          name="button"
          type="button"
        >
          <span
            class="v-btn__content"
          >
            
          
        
          </span>
        </button>
         
        <button
          class="btn white--text submit-account ml-6 v-btn v-btn--depressed theme--light v-size--default primary normal"
          depressed=""
          name="button"
          type="button"
        >
          <span
            class="v-btn__content"
          >
            
          
        
          </span>
        </button>
      </div>
    </div>
  </div>
</div>
`;
